2025-03-06 10:41:54 DEBUG TestNG:82 - suiteXmlPath: "C:\Users\DILIPK~1\AppData\Local\Temp\testng-eclipse--1086225049\testng-customsuite.xml"
2025-03-06 10:41:55 INFO  Utils:112 - [Utils] MethodGroupsHelper.collectMethodsByGroup() took 2 ms.
2025-03-06 10:41:55 INFO  Utils:112 - [Utils] MethodGroupsHelper.sortMethods() took 5 ms.
2025-03-06 10:41:55 INFO  Utils:112 - [Utils] MethodGroupsHelper.collectMethodsByGroup() took 0 ms.
2025-03-06 10:41:55 INFO  Utils:112 - [Utils] MethodGroupsHelper.sortMethods() took 0 ms.
2025-03-06 10:41:55 INFO  Utils:112 - [Utils] MethodGroupsHelper.collectMethodsByGroup() took 0 ms.
2025-03-06 10:41:55 INFO  Utils:112 - [Utils] MethodGroupsHelper.sortMethods() took 0 ms.
2025-03-06 10:41:55 INFO  Utils:112 - [Utils] MethodGroupsHelper.collectMethodsByGroup() took 0 ms.
2025-03-06 10:41:55 INFO  Utils:112 - [Utils] MethodGroupsHelper.sortMethods() took 0 ms.
2025-03-06 10:41:55 INFO  Utils:112 - [Utils] MethodGroupsHelper.collectMethodsByGroup() took 7 ms.
2025-03-06 10:41:55 INFO  Utils:112 - [Utils] MethodGroupsHelper.sortMethods() took 32 ms.
2025-03-06 10:41:55 INFO  Utils:112 - [Utils] MethodGroupsHelper.collectMethodsByGroup() took 0 ms.
2025-03-06 10:41:55 INFO  Utils:112 - [Utils] MethodGroupsHelper.sortMethods() took 0 ms.
2025-03-06 10:41:55 INFO  Utils:112 - [Utils] MethodGroupsHelper.collectMethodsByGroup() took 1 ms.
2025-03-06 10:41:55 INFO  Utils:112 - [Utils] MethodGroupsHelper.sortMethods() took 0 ms.
2025-03-06 10:41:55 INFO  Utils:112 - [Utils] MethodGroupsHelper.collectMethodsByGroup() took 0 ms.
2025-03-06 10:41:55 INFO  Utils:112 - [Utils] MethodGroupsHelper.sortMethods() took 0 ms.
2025-03-06 10:41:55 INFO  Utils:112 - [Utils] MethodGroupsHelper.collectMethodsByGroup() took 0 ms.
2025-03-06 10:41:55 INFO  Utils:112 - [Utils] MethodGroupsHelper.sortMethods() took 0 ms.
2025-03-06 10:41:55 INFO  Utils:112 - [Utils] MethodGroupsHelper.collectMethodsByGroup() took 0 ms.
2025-03-06 10:41:55 INFO  Utils:112 - [Utils] MethodGroupsHelper.sortMethods() took 0 ms.
2025-03-06 10:41:55 INFO  Utils:112 - [Utils] MethodGroupsHelper.collectMethodsByGroup() took 0 ms.
2025-03-06 10:41:55 INFO  Utils:112 - [Utils] MethodGroupsHelper.sortMethods() took 0 ms.
2025-03-06 10:41:55 INFO  Utils:112 - [Utils] MethodGroupsHelper.collectMethodsByGroup() took 0 ms.
2025-03-06 10:41:55 INFO  Utils:112 - [Utils] MethodGroupsHelper.sortMethods() took 0 ms.
2025-03-06 10:41:55 INFO  Utils:112 - [Utils] MethodGroupsHelper.collectMethodsByGroup() took 0 ms.
2025-03-06 10:41:55 INFO  Utils:112 - [Utils] MethodGroupsHelper.sortMethods() took 1 ms.
2025-03-06 10:41:55 INFO  Utils:112 - [Utils] MethodGroupsHelper.collectMethodsByGroup() took 0 ms.
2025-03-06 10:41:55 INFO  Utils:112 - [Utils] MethodGroupsHelper.sortMethods() took 0 ms.
2025-03-06 10:41:55 INFO  Utils:112 - [Utils] MethodGroupsHelper.collectMethodsByGroup() took 0 ms.
2025-03-06 10:41:55 INFO  Utils:112 - [Utils] MethodGroupsHelper.sortMethods() took 0 ms.
2025-03-06 10:41:55 INFO  Utils:112 - [TestNG] Running:
  C:\Users\DILIP KUMAR\AppData\Local\Temp\testng-eclipse--1086225049\testng-customsuite.xml

2025-03-06 10:41:55 INFO  Utils:112 - [Utils] DynamicGraphHelper.createDynamicGraph() took 13 ms.
2025-03-06 10:41:55 INFO  Utils:112 - [TestNG] Time taken by org.testng.reporters.SuiteHTMLReporter@29ad44e3: 166 ms
2025-03-06 10:41:56 INFO  Utils:112 - [TestNG] Time taken by org.testng.reporters.jq.Main@503d56b5: 231 ms
2025-03-06 10:41:56 INFO  Utils:112 - [TestNG] Time taken by org.testng.reporters.FailedReporter@238b521e: 58 ms
2025-03-06 10:41:56 INFO  Utils:112 - [TestNG] Time taken by org.testng.reporters.XMLReporter@6ebd78d1: 60 ms
2025-03-06 10:41:56 INFO  Utils:112 - [TestNG] Time taken by org.testng.reporters.EmailableReporter2@47d93e0d: 21 ms
2025-03-06 10:41:56 INFO  Utils:112 - [TestNG] Time taken by org.testng.reporters.JUnitReportReporter@2fa7ae9: 18 ms
2025-03-06 10:41:56 INFO  Utils:112 - [TestNG] Time taken by org.testng.internal.ExitCodeListener@7577b641: 0 ms
2025-03-06 10:42:40 DEBUG TestNG:82 - suiteXmlPath: "C:\Users\DILIP KUMAR\eclipse-workspace\OpencartV\testng.xml"
2025-03-06 10:42:40 INFO  Utils:112 - [TestNG] Running:
  C:\Users\DILIP KUMAR\eclipse-workspace\OpencartV\testng.xml

2025-03-06 10:44:24 DEBUG TestNG:82 - suiteXmlPath: "C:\Users\DILIP KUMAR\eclipse-workspace\OpencartV\testng.xml"
2025-03-06 10:44:24 INFO  Utils:112 - [TestNG] Running:
  C:\Users\DILIP KUMAR\eclipse-workspace\OpencartV\testng.xml

2025-03-06 10:44:34 INFO  Tc_011Editaccounttest:20 - *** starting Editaccount test case ****
2025-03-06 10:50:55 DEBUG TestNG:82 - suiteXmlPath: "C:\Users\DILIP KUMAR\eclipse-workspace\OpencartV\testng.xml"
2025-03-06 10:50:55 INFO  Utils:112 - [TestNG] Running:
  C:\Users\DILIP KUMAR\eclipse-workspace\OpencartV\testng.xml

2025-03-06 10:51:02 INFO  Tc_011Editaccounttest:20 - *** starting Editaccount test case ****
2025-03-06 10:51:54 DEBUG TestNG:82 - suiteXmlPath: "C:\Users\DILIP KUMAR\eclipse-workspace\OpencartV\testng.xml"
2025-03-06 10:51:55 INFO  Utils:112 - [TestNG] Running:
  C:\Users\DILIP KUMAR\eclipse-workspace\OpencartV\testng.xml

2025-03-06 10:51:59 INFO  Tc_011Editaccounttest:20 - *** starting Editaccount test case ****
2025-03-06 11:02:44 DEBUG TestNG:82 - suiteXmlPath: "C:\Users\DILIP KUMAR\eclipse-workspace\OpencartV\testng.xml"
2025-03-06 11:02:44 INFO  Utils:112 - [TestNG] Running:
  C:\Users\DILIP KUMAR\eclipse-workspace\OpencartV\testng.xml

2025-03-06 11:02:51 INFO  Tc_011Editaccounttest:20 - *** starting Editaccount test case ****
2025-03-06 11:03:01 INFO  Tc_011Editaccounttest:80 - *** finish editaccount test case ****
2025-03-06 11:07:35 DEBUG TestNG:82 - suiteXmlPath: "C:\Users\DILIP KUMAR\eclipse-workspace\OpencartV\testng.xml"
2025-03-06 11:07:36 INFO  Utils:112 - [TestNG] Running:
  C:\Users\DILIP KUMAR\eclipse-workspace\OpencartV\testng.xml

2025-03-06 11:07:44 INFO  Tc_011Editaccounttest:20 - *** starting Editaccount test case ****
2025-03-06 11:07:54 INFO  Tc_011Editaccounttest:80 - *** finish editaccount test case ****
2025-03-06 11:21:08 DEBUG TestNG:82 - suiteXmlPath: "C:\Users\DILIP KUMAR\eclipse-workspace\OpencartV\testng.xml"
2025-03-06 11:21:09 INFO  Utils:112 - [TestNG] Running:
  C:\Users\DILIP KUMAR\eclipse-workspace\OpencartV\testng.xml

2025-03-06 11:21:19 INFO  Tc_011Editaccounttest:20 - *** starting Editaccount test case ****
2025-03-06 11:21:31 INFO  Tc_011Editaccounttest:80 - *** finish editaccount test case ****
2025-03-06 11:25:06 DEBUG TestNG:82 - suiteXmlPath: "C:\Users\DILIP KUMAR\eclipse-workspace\OpencartV\master.xml"
2025-03-06 11:25:15 INFO  Tc_001Accountregistration:17 - *** starting account registration test case ****
2025-03-06 11:25:16 INFO  Tc_001Accountregistration:20 - *** clicked on My account button ****
2025-03-06 11:25:16 INFO  Tc_001Accountregistration:23 - *** clicked on Login button ****
2025-03-06 11:25:17 INFO  Tc_001Accountregistration:26 - *** providing the user details ****
2025-03-06 11:25:19 INFO  Tc_001Accountregistration:39 - *** validated the account creation message ****
2025-03-06 11:25:19 INFO  Tc_001Accountregistration:60 - ***Finished starting account registration test case ****
2025-03-06 11:25:25 INFO  TC_002Logintest:16 - *** starting Log in test case ****
2025-03-06 11:25:27 INFO  TC_002Logintest:44 - *** finish Login test case ****
2025-03-06 11:25:32 INFO  Tc_004Logouttest:17 - *** starting Log out test case ****
2025-03-06 11:25:40 INFO  Tc_004Logouttest:43 - *** finish Logout test case ****
2025-03-06 11:25:49 INFO  Tc_005Forgotpassword:20 - *** starting verify forgot password test ****
2025-03-06 11:25:53 INFO  Tc_005Forgotpassword:71 - *** finish verify forgot password test ****
2025-03-06 11:26:00 INFO  Tc_006Searchproduct:17 - *** starting Searchproduct test case ****
2025-03-06 11:26:03 INFO  Tc_006Searchproduct:51 - *** finish Searchproduct test case ****
2025-03-06 11:26:12 INFO  TC_007Productcomparsionpage:18 - *** starting product comparsion test case ****
2025-03-06 11:26:21 INFO  TC_007Productcomparsionpage:55 - *** finish product comparsion test case ****
2025-03-06 11:26:29 INFO  Tc_008Wishlistpage:19 - *** starting Wishlist test case ****
2025-03-06 11:26:35 INFO  Tc_008Wishlistpage:57 - *** finish wishlist test case ****
2025-03-06 11:26:42 INFO  Tc_009Shoppingcarttest:20 - *** starting shoppingpage test case ****
2025-03-06 11:26:54 INFO  Tc_011Editaccounttest:20 - *** starting Editaccount test case ****
2025-03-06 11:27:07 INFO  Tc_011Editaccounttest:80 - *** finish editaccount test case ****
2025-03-06 11:27:16 INFO  Tc_012Orderhistorytest:18 - *** starting Orderhistory test case ****
2025-03-06 11:27:22 INFO  Tc_012Orderhistorytest:50 - *** finish Orderhistory test case ****
2025-03-06 11:27:28 INFO  Tc_013Productreturntest:21 - *** starting product return  test case ****
2025-03-06 11:34:31 DEBUG TestNG:82 - suiteXmlPath: "C:\Users\DILIP KUMAR\eclipse-workspace\OpencartV\testng.xml"
2025-03-06 11:34:32 INFO  Utils:112 - [TestNG] Running:
  C:\Users\DILIP KUMAR\eclipse-workspace\OpencartV\testng.xml

2025-03-06 11:34:38 INFO  Tc_009Shoppingcarttest:20 - *** starting shoppingpage test case ****
2025-03-06 11:39:22 DEBUG TestNG:82 - suiteXmlPath: "C:\Users\DILIP KUMAR\eclipse-workspace\OpencartV\testng.xml"
2025-03-06 11:39:23 INFO  Utils:112 - [TestNG] Running:
  C:\Users\DILIP KUMAR\eclipse-workspace\OpencartV\testng.xml

2025-03-06 11:39:30 INFO  Tc_009Shoppingcarttest:20 - *** starting shoppingpage test case ****
2025-03-06 11:39:32 INFO  Tc_009Shoppingcarttest:57 - *** finish shoppingcart test case ****
2025-03-06 11:43:39 DEBUG TestNG:82 - suiteXmlPath: "C:\Users\DILIP KUMAR\eclipse-workspace\OpencartV\master.xml"
2025-03-06 11:43:47 INFO  Tc_001Accountregistration:17 - *** starting account registration test case ****
2025-03-06 11:43:47 INFO  Tc_001Accountregistration:20 - *** clicked on My account button ****
2025-03-06 11:43:47 INFO  Tc_001Accountregistration:23 - *** clicked on Login button ****
2025-03-06 11:43:48 INFO  Tc_001Accountregistration:26 - *** providing the user details ****
2025-03-06 11:43:51 INFO  Tc_001Accountregistration:39 - *** validated the account creation message ****
2025-03-06 11:43:51 INFO  Tc_001Accountregistration:60 - ***Finished starting account registration test case ****
2025-03-06 11:43:56 INFO  TC_002Logintest:16 - *** starting Log in test case ****
2025-03-06 11:43:58 INFO  TC_002Logintest:44 - *** finish Login test case ****
2025-03-06 11:44:04 INFO  Tc_004Logouttest:17 - *** starting Log out test case ****
2025-03-06 11:44:08 INFO  Tc_004Logouttest:43 - *** finish Logout test case ****
2025-03-06 11:44:17 INFO  Tc_005Forgotpassword:20 - *** starting verify forgot password test ****
2025-03-06 11:44:25 INFO  Tc_005Forgotpassword:71 - *** finish verify forgot password test ****
2025-03-06 11:44:37 INFO  Tc_006Searchproduct:17 - *** starting Searchproduct test case ****
2025-03-06 11:44:43 INFO  Tc_006Searchproduct:51 - *** finish Searchproduct test case ****
2025-03-06 11:44:50 INFO  TC_007Productcomparsionpage:18 - *** starting product comparsion test case ****
2025-03-06 11:45:02 INFO  TC_007Productcomparsionpage:55 - *** finish product comparsion test case ****
2025-03-06 11:45:08 INFO  Tc_008Wishlistpage:19 - *** starting Wishlist test case ****
2025-03-06 11:45:13 INFO  Tc_008Wishlistpage:57 - *** finish wishlist test case ****
2025-03-06 11:45:21 INFO  Tc_009Shoppingcarttest:20 - *** starting shoppingpage test case ****
2025-03-06 11:45:35 INFO  Tc_011Editaccounttest:20 - *** starting Editaccount test case ****
2025-03-06 11:45:49 INFO  Tc_011Editaccounttest:80 - *** finish editaccount test case ****
2025-03-06 11:46:04 INFO  Tc_012Orderhistorytest:18 - *** starting Orderhistory test case ****
2025-03-06 11:46:08 INFO  Tc_012Orderhistorytest:50 - *** finish Orderhistory test case ****
2025-03-06 11:46:16 INFO  Tc_013Productreturntest:21 - *** starting product return  test case ****
